Starting Full API Stack Integration Test...
  -> Triggering market_trends (MarketTrendsAgent)...
  -> Triggering competitive (CompetitiveLandscapeAgent)...
  -> Triggering adjacent_threat (AdjacentThreatAgent)...
  -> Triggering win_loss (WinLossAgent)...
  -> Triggering pricing (PricingAgent)...
  -> Triggering positioning (PositioningAgent)...
  -> Triggering hiring_signal (HiringSignalAgent)...

Test Results Summary:
  [MarketTrendsAgent] Status: success | Findings: 1 | Evidence: 1 | Artifacts: 1
  [CompetitiveLandscapeAgent] Status: success | Findings: 1 | Evidence: 1 | Artifacts: 1
  [AdjacentThreatAgent] Status: success | Findings: 1 | Evidence: 1 | Artifacts: 1
  [WinLossAgent] Status: success | Findings: 1 | Evidence: 1 | Artifacts: 1
  [PricingAgent] Status: success | Findings: 1 | Evidence: 1 | Artifacts: 1
  [PositioningAgent] Status: success | Findings: 1 | Evidence: 1 | Artifacts: 1
  [HiringSignalAgent] Status: success | Findings: 1 | Evidence: 3 | Artifacts: 1

All agents responded successfully with integrated API signals.
